process chrome extension: extracted/CNodeMD-v1.4.0/assets
process chrome extension: extracted/ChromeXt-signed/assets
process chrome extension: extracted/HelloHybrid/assets
process chrome extension: extracted/HelloScript/assets
process chrome extension: extracted/HelloScript_simple/assets
process chrome extension: extracted/HelloScript_test/assets
process chrome extension: extracted/HybridAPIArgNum/assets
process chrome extension: extracted/JSUpdateCaseD/assets
process chrome extension: extracted/JsUpdateCaseE/assets
process chrome extension: extracted/JsUpdateCaseF/assets
process chrome extension: extracted/JsUpdateCaseG/assets
process chrome extension: extracted/fruit-radar-debug/assets
process chrome extension: extracted/jellyfin-android-v2.6.4-libre-debug/assets
process chrome extension: extracted/strongUpdate/assets
process chrome extension: extracted/strongUpdatecaseA/assets
process chrome extension: extracted/strongUpdatecaseB/assets
process chrome extension: extracted/strongUpdatecaseC/assets
process chrome extension: extracted/CNodeMD-v1.4.0/assets
process chrome extension: extracted/ChromeXt-signed/assets
process chrome extension: extracted/HelloHybrid/assets
process chrome extension: extracted/HelloScript/assets
process chrome extension: extracted/HelloScript_simple/assets
process chrome extension: extracted/HelloScript_test/assets
process chrome extension: extracted/HybridAPIArgNum/assets
process chrome extension: extracted/JSUpdateCaseD/assets
process chrome extension: extracted/JsUpdateCaseE/assets
process chrome extension: extracted/JsUpdateCaseF/assets
process chrome extension: extracted/JsUpdateCaseG/assets
process chrome extension: extracted/fruit-radar-debug/assets
process chrome extension: extracted/jellyfin-android-v2.6.4-libre-debug/assets
process chrome extension: extracted/strongUpdate/assets
process chrome extension: extracted/strongUpdatecaseA/assets
process chrome extension: extracted/strongUpdatecaseB/assets
process chrome extension: extracted/strongUpdatecaseC/assets
process chrome extension: extracted/CNodeMD-v1.4.0/assets
process chrome extension: extracted/ChromeXt-signed/assets
process chrome extension: extracted/HelloHybrid/assets
process chrome extension: extracted/HelloScript/assets
process chrome extension: extracted/HelloScript_simple/assets
process chrome extension: extracted/HelloScript_test/assets
process chrome extension: extracted/HybridAPIArgNum/assets
process chrome extension: extracted/JSUpdateCaseD/assets
process chrome extension: extracted/JsUpdateCaseE/assets
process chrome extension: extracted/JsUpdateCaseF/assets
process chrome extension: extracted/JsUpdateCaseG/assets
process chrome extension: extracted/fruit-radar-debug/assets
process chrome extension: extracted/jellyfin-android-v2.6.4-libre-debug/assets
process chrome extension: extracted/strongUpdate/assets
process chrome extension: extracted/strongUpdatecaseA/assets
process chrome extension: extracted/strongUpdatecaseB/assets
process chrome extension: extracted/strongUpdatecaseC/assets
process chrome extension: extracted/jellyfin-android-v2.6.4-libre-debug/assets/native/
process chrome extension: extracted/mastodon-githubRelease/assets/
process chrome extension: extracted/nextcloud-notes-330000090/
process chrome extension: extracted/AIMSICD-normal-release/
process chrome extension: extracted/jellyfin-android-v2.6.4-libre-debug/assets/native/
process chrome extension: extracted/HelloHybrid/assets/www
process chrome extension: extracted/HelloHybrid/assets/www
process chrome extension: extracted/HelloHybrid
process chrome extension: extracted/HelloHybrid
process chrome extension: extracted/HelloScript
process chrome extension: extracted/JSUpdateCaseD
process chrome extension: extracted/HelloHybrid
process chrome extension: extracted/HelloHybrid
process chrome extension: extracted/HelloScript
process chrome extension: extracted/HelloScript_simple
process chrome extension: extracted/HelloScript_test
process chrome extension: extracted/HybridAPIArgNum
process chrome extension: extracted/JSUpdateCaseD
process chrome extension: extracted/JsUpdateCaseE
process chrome extension: extracted/JsUpdateCaseF
process chrome extension: extracted/JsUpdateCaseG
process chrome extension: extracted/strongUpdate
process chrome extension: extracted/strongUpdatecaseA
process chrome extension: extracted/strongUpdatecaseB
process chrome extension: extracted/strongUpdatecaseC
process chrome extension: extracted/DynamicAliasCaseI
process chrome extension: extracted/DynamicJSCaseH
process chrome extension: extracted/CNodeMD-v1.4.0
process chrome extension: extracted/ChromeXt-signed
process chrome extension: extracted/app-debug-20250911_165508
process chrome extension: extracted/app-full-release
process chrome extension: extracted/fruit-radar-debug
process chrome extension: extracted/jellyfin-android-v2.6.4-libre-debug
process chrome extension: extracted/mastodon-githubRelease
process chrome extension: extracted/nextcloud-notes-330000090
process chrome extension: extracted/AIMSICD-normal-release
process chrome extension: extracted/app-debug-20250911_165508
process chrome extension: extracted/fruit-radar-debug
process chrome extension: extracted/fruit-radar-debug
process chrome extension: extracted/fruit-radar-debug
process chrome extension: extracted/fruit-radar-debug
process chrome extension: extracted/ChromeXt-signed
process chrome extension: extracted/HelloHybrid
process chrome extension: extracted/CNodeMD-v1.4.0/assets
process chrome extension: extracted\CNodeMD-v1.4.0\assets
process chrome extension: extracted/HelloHybrid/assets
process chrome extension: extracted/HelloScript/assets
process chrome extension: extracted/HelloScript_simple/assets
process chrome extension: extracted/HelloScript_test/assets
process chrome extension: extracted/HybridAPIArgNum/assets
process chrome extension: extracted/JSUpdateCaseD/assets
process chrome extension: extracted/JsUpdateCaseE/assets
process chrome extension: extracted/JsUpdateCaseF/assets
process chrome extension: extracted/JsUpdateCaseG/assets
process chrome extension: extracted\HelloHybrid\assets
process chrome extension: extracted\HelloScript\assets
process chrome extension: extracted\HelloScript_simple\assets
process chrome extension: extracted\HelloScript_test\assets
process chrome extension: extracted\HybridAPIArgNum\assets
process chrome extension: extracted\jellyfin-android-v2.6.4-libre-debug\assets
process chrome extension: extracted\JSUpdateCaseD\assets
process chrome extension: extracted\JsUpdateCaseE\assets
process chrome extension: extracted\JsUpdateCaseF\assets
process chrome extension: extracted\JsUpdateCaseG\assets
process chrome extension: extracted\strongUpdate\assets
process chrome extension: extracted\strongUpdatecaseA\assets
process chrome extension: extracted\strongUpdatecaseB\assets
process chrome extension: extracted\strongUpdatecaseC\assets
process chrome extension: extracted_apks/CNodeMD-v1.4.0
process chrome extension: extracted_apks/CNodeMD-v1.4.0
process chrome extension: extracted_apks/HelloScript
process chrome extension: extracted_apks/jellyfin-android-v2.6.4-libre-debug
process chrome extension: extracted_apks/JSUpdateCaseD
process chrome extension: extracted/HelloHybrid/assets
process chrome extension: extracted\HelloHybrid\assets
process chrome extension: extracted\HelloHybrid\assets
process chrome extension: extracted\HelloHybrid\assets
process chrome extension: extracted$app\assets
process chrome extension: extracted$app\assets
process chrome extension: extracted$app\assets
process chrome extension: extracted$app\assets
process chrome extension: extracted$app\assets
process chrome extension: extracted$app\assets
process chrome extension: extracted$app\assets
process chrome extension: extracted$app\assets
process chrome extension: extracted$app\assets
process chrome extension: extracted$app\assets
process chrome extension: extracted$app\assets
process chrome extension: extracted$app\assets
process chrome extension: extracted$app\assets
process chrome extension: extracted$app\assets
process chrome extension: extracted$app\assets
process chrome extension: extracted/HelloHybrid/assets
process chrome extension: extracted/HybridAPIArgNum/assets
process chrome extension: extracted/HelloScript/assets
process chrome extension: extracted/HelloScript_simple/assets
process chrome extension: extracted/HelloScript_test/assets
process chrome extension: extracted/JSUpdateCaseD/assets
process chrome extension: extracted/JsUpdateCaseE/assets
process chrome extension: extracted/JsUpdateCaseF/assets
process chrome extension: extracted/JsUpdateCaseG/assets
process chrome extension: extracted/strongUpdate/assets
process chrome extension: extracted/strongUpdatecaseA/assets
process chrome extension: extracted/strongUpdatecaseB/assets
process chrome extension: extracted/strongUpdatecaseC/assets
process chrome extension: extracted/CNodeMD-v1.4.0/assets
process chrome extension: extracted/jellyfin-android-v2.6.4-libre-debug/assets
process chrome extension: extracted/ChromeXt-signed/assets
process chrome extension: extracted/fruit-radar-debug/assets
process chrome extension: extracted/HelloHybrid/assets
process chrome extension: extracted/HybridAPIArgNum/assets
process chrome extension: extracted/HelloScript/assets
process chrome extension: extracted/HelloScript_simple/assets
process chrome extension: extracted/HelloScript_test/assets
process chrome extension: extracted/JSUpdateCaseD/assets
process chrome extension: extracted/JsUpdateCaseE/assets
process chrome extension: extracted/JsUpdateCaseF/assets
process chrome extension: extracted/JsUpdateCaseG/assets
process chrome extension: extracted/strongUpdate/assets
process chrome extension: extracted/strongUpdatecaseA/assets
process chrome extension: extracted/strongUpdatecaseB/assets
process chrome extension: extracted/strongUpdatecaseC/assets
process chrome extension: extracted/CNodeMD-v1.4.0/assets
process chrome extension: extracted/jellyfin-android-v2.6.4-libre-debug/assets
