extracted/CNodeMD-v1.4.0/assets can not import from string
type error
type error
type error
type error
type error
type error
type error
type error
type error
type error
type error
type error
type error
type error
type error
type error
type error
type error
type error
type error
type error
type error
type error
type error
type error
type error
type error
type error
type error
type error
type error
type error
type error
type error
type error
type error
type error
type error
type error
type error
type error
type error
type error
type error
extracted/ChromeXt-signed/assets can not import from string
type error
type error
type error
type error
type error
type error
type error
type error
type error
type error
type error
type error
type error
type error
type error
type error
type error
type error
type error
type error
type error
type error
type error
type error
type error
type error
type error
type error
type error
type error
type error
type error
type error
type error
type error
type error
type error
type error
type error
type error
type error
type error
type error
type error
extracted/HelloHybrid/assets can not import from string
type error
type error
type error
type error
type error
type error
type error
type error
type error
type error
type error
type error
type error
type error
type error
type error
type error
type error
type error
type error
type error
type error
type error
type error
type error
type error
type error
type error
type error
type error
type error
type error
type error
type error
type error
type error
type error
type error
type error
type error
type error
type error
type error
type error
extracted/HelloScript/assets can not import from string
type error
type error
type error
type error
type error
type error
type error
type error
type error
type error
type error
type error
type error
type error
type error
type error
type error
type error
type error
type error
type error
type error
type error
type error
type error
type error
type error
type error
type error
type error
type error
type error
type error
type error
type error
type error
type error
type error
type error
type error
type error
type error
type error
type error
extracted/HelloScript_simple/assets can not import from string
type error
type error
type error
type error
type error
type error
type error
type error
type error
type error
type error
type error
type error
type error
type error
type error
type error
type error
type error
type error
type error
type error
type error
type error
type error
type error
type error
type error
type error
type error
type error
type error
type error
type error
type error
type error
type error
type error
type error
type error
type error
type error
type error
type error
extracted/HelloScript_test/assets can not import from string
type error
type error
type error
type error
type error
type error
type error
type error
type error
type error
type error
type error
type error
type error
type error
type error
type error
type error
type error
type error
type error
type error
type error
type error
type error
type error
type error
type error
type error
type error
type error
type error
type error
type error
type error
type error
type error
type error
type error
type error
type error
type error
type error
type error
extracted/HybridAPIArgNum/assets can not import from string
type error
type error
type error
type error
type error
type error
type error
type error
type error
type error
type error
type error
type error
type error
type error
type error
type error
type error
type error
type error
type error
type error
type error
type error
type error
type error
type error
type error
type error
type error
type error
type error
type error
type error
type error
type error
type error
type error
type error
type error
type error
type error
type error
type error
extracted/JSUpdateCaseD/assets can not import from string
type error
type error
type error
type error
type error
type error
type error
type error
type error
type error
type error
type error
type error
type error
type error
type error
type error
type error
type error
type error
type error
type error
type error
type error
type error
type error
type error
type error
type error
type error
type error
type error
type error
type error
type error
type error
type error
type error
type error
type error
type error
type error
type error
type error
extracted/JsUpdateCaseE/assets can not import from string
type error
type error
type error
type error
type error
type error
type error
type error
type error
type error
type error
type error
type error
type error
type error
type error
type error
type error
type error
type error
type error
type error
type error
type error
type error
type error
type error
type error
type error
type error
type error
type error
type error
type error
type error
type error
type error
type error
type error
type error
type error
type error
type error
type error
extracted/JsUpdateCaseF/assets can not import from string
type error
type error
type error
type error
type error
type error
type error
type error
type error
type error
type error
type error
type error
type error
type error
type error
type error
type error
type error
type error
type error
type error
type error
type error
type error
type error
type error
type error
type error
type error
type error
type error
type error
type error
type error
type error
type error
type error
type error
type error
type error
type error
type error
type error
extracted/JsUpdateCaseG/assets can not import from string
type error
type error
type error
type error
type error
type error
type error
type error
type error
type error
type error
type error
type error
type error
type error
type error
type error
type error
type error
type error
type error
type error
type error
type error
type error
type error
type error
type error
type error
type error
type error
type error
type error
type error
type error
type error
type error
type error
type error
type error
type error
type error
type error
type error
extracted/fruit-radar-debug/assets can not import from string
type error
type error
type error
type error
type error
type error
type error
type error
type error
type error
type error
type error
type error
type error
type error
type error
type error
type error
type error
type error
type error
type error
type error
type error
type error
type error
type error
type error
type error
type error
type error
type error
type error
type error
type error
type error
type error
type error
type error
type error
type error
type error
type error
type error
extracted/jellyfin-android-v2.6.4-libre-debug/assets can not import from string
type error
type error
type error
type error
type error
type error
type error
type error
type error
type error
type error
type error
type error
type error
type error
type error
type error
type error
type error
type error
type error
type error
type error
type error
type error
type error
type error
type error
type error
type error
type error
type error
type error
type error
type error
type error
type error
type error
type error
type error
type error
type error
type error
type error
extracted/strongUpdate/assets can not import from string
type error
type error
type error
type error
type error
type error
type error
type error
type error
type error
type error
type error
type error
type error
type error
type error
type error
type error
type error
type error
type error
type error
type error
type error
type error
type error
type error
type error
type error
type error
type error
type error
type error
type error
type error
type error
type error
type error
type error
type error
type error
type error
type error
type error
extracted/strongUpdatecaseA/assets can not import from string
type error
type error
type error
type error
type error
type error
type error
type error
type error
type error
type error
type error
type error
type error
type error
type error
type error
type error
type error
type error
type error
type error
type error
type error
type error
type error
type error
type error
type error
type error
type error
type error
type error
type error
type error
type error
type error
type error
type error
type error
type error
type error
type error
type error
extracted/strongUpdatecaseB/assets can not import from string
type error
type error
type error
type error
type error
type error
type error
type error
type error
type error
type error
type error
type error
type error
type error
type error
type error
type error
type error
type error
type error
type error
type error
type error
type error
type error
type error
type error
type error
type error
type error
type error
type error
type error
type error
type error
type error
type error
type error
type error
type error
type error
type error
type error
extracted/strongUpdatecaseC/assets can not import from string
type error
type error
type error
type error
type error
type error
type error
type error
type error
type error
type error
type error
type error
type error
type error
type error
type error
type error
type error
type error
type error
type error
type error
type error
type error
type error
type error
type error
type error
type error
type error
type error
type error
type error
type error
type error
type error
type error
type error
type error
type error
type error
type error
type error
type error
type error
type error
type error
type error
type error
type error
type error
type error
type error
type error
type error
type error
type error
